[2026-05-06 04:45:43] local.ERROR: Maximum execution time of 30 seconds exceeded {"userId":1,"exception":"[object] (Symfony\\Component\\ErrorHandler\\Error\\FatalError(code: 0): Maximum execution time of 30 seconds exceeded at C:/Users/Cibato/Desktop/Active for zay - Copy/vendor/laravel/framework/src/Illuminate/Routing/Router.php:513)
[stacktrace]
#0 {main}
"} 
[2026-05-06 11:13:57] local.ERROR: PHP Parse error: Syntax error, unexpected '=' on line 1 {"exception":"[object] (Psy\\Exception\\ParseErrorException(code: 0): PHP Parse error: Syntax error, unexpected '=' on line 1 at C:/Users/Cibato/Desktop/Active for zay - Copy/vendor/psy/psysh/src/Exception/ParseErrorException.php:44)
[stacktrace]
#0 C:/Users/Cibato/Desktop/Active for zay - Copy/vendor/psy/psysh/src/CodeCleaner.php(306): Psy/Exception/ParseErrorException::fromParseError(Object(PhpParser/Error))
#1 C:/Users/Cibato/Desktop/Active for zay - Copy/vendor/psy/psysh/src/CodeCleaner.php(240): Psy/CodeCleaner->parse('<?php =//App//Mod...', false)
#2 C:/Users/Cibato/Desktop/Active for zay - Copy/vendor/psy/psysh/src/Shell.php(852): Psy/CodeCleaner->clean(Array, false)
#3 C:/Users/Cibato/Desktop/Active for zay - Copy/vendor/psy/psysh/src/Shell.php(881): Psy/Shell->addCode('=//App//Models//Us...', true)
#4 C:/Users/Cibato/Desktop/Active for zay - Copy/vendor/psy/psysh/src/Shell.php(1390): Psy/Shell->setCode('=//App//Models//Us...', true)
#5 C:/Users/Cibato/Desktop/Active for zay - Copy/vendor/laravel/tinker/src/Console/TinkerCommand.php(76): Psy/Shell->execute('=//App//Models//Us...')
#6 C:/Users/Cibato/Desktop/Active for zay - Copy/vendor/laravel/framework/src/Illuminate/Container/BoundMethod.php(36): Laravel/Tinker/Console/TinkerCommand->handle()
#7 C:/Users/Cibato/Desktop/Active for zay - Copy/vendor/laravel/framework/src/Illuminate/Container/Util.php(41): Illuminate/Container/BoundMethod::Illuminate/Container/{closure}()
#8 C:/Users/Cibato/Desktop/Active for zay - Copy/vendor/laravel/framework/src/Illuminate/Container/BoundMethod.php(93): Illuminate/Container/Util::unwrapIfClosure(Object(Closure))
#9 C:/Users/Cibato/Desktop/Active for zay - Copy/vendor/laravel/framework/src/Illuminate/Container/BoundMethod.php(35): Illuminate/Container/BoundMethod::callBoundMethod(Object(Illuminate/Foundation/Application), Array, Object(Closure))
#10 C:/Users/Cibato/Desktop/Active for zay - Copy/vendor/laravel/framework/src/Illuminate/Container/Container.php(662): Illuminate/Container/BoundMethod::call(Object(Illuminate/Foundation/Application), Array, Array, NULL)
#11 C:/Users/Cibato/Desktop/Active for zay - Copy/vendor/laravel/framework/src/Illuminate/Console/Command.php(211): Illuminate/Container/Container->call(Array)
#12 C:/Users/Cibato/Desktop/Active for zay - Copy/vendor/symfony/console/Command/Command.php(326): Illuminate/Console/Command->execute(Object(Symfony/Component/Console/Input/ArgvInput), Object(Illuminate/Console/OutputStyle))
#13 C:/Users/Cibato/Desktop/Active for zay - Copy/vendor/laravel/framework/src/Illuminate/Console/Command.php(180): Symfony/Component/Console/Command/Command->run(Object(Symfony/Component/Console/Input/ArgvInput), Object(Illuminate/Console/OutputStyle))
#14 C:/Users/Cibato/Desktop/Active for zay - Copy/vendor/symfony/console/Application.php(1121): Illuminate/Console/Command->run(Object(Symfony/Component/Console/Input/ArgvInput), Object(Symfony/Component/Console/Output/ConsoleOutput))
#15 C:/Users/Cibato/Desktop/Active for zay - Copy/vendor/symfony/console/Application.php(324): Symfony/Component/Console/Application->doRunCommand(Object(Laravel/Tinker/Console/TinkerCommand), Object(Symfony/Component/Console/Input/ArgvInput), Object(Symfony/Component/Console/Output/ConsoleOutput))
#16 C:/Users/Cibato/Desktop/Active for zay - Copy/vendor/symfony/console/Application.php(175): Symfony/Component/Console/Application->doRun(Object(Symfony/Component/Console/Input/ArgvInput), Object(Symfony/Component/Console/Output/ConsoleOutput))
#17 C:/Users/Cibato/Desktop/Active for zay - Copy/vendor/laravel/framework/src/Illuminate/Foundation/Console/Kernel.php(201): Symfony/Component/Console/Application->run(Object(Symfony/Component/Console/Input/ArgvInput), Object(Symfony/Component/Console/Output/ConsoleOutput))
#18 C:/Users/Cibato/Desktop/Active for zay - Copy/artisan(35): Illuminate/Foundation/Console/Kernel->handle(Object(Symfony/Component/Console/Input/ArgvInput), Object(Symfony/Component/Console/Output/ConsoleOutput))
#19 {main}
"} 
[2026-05-06 12:42:28] local.INFO: Filter Category Request:  {"page":"1","category_type":"all_categories","search":null} 
