[2026-05-05 06:06:07] local.ERROR: Attempt to read property "shop" on null {"view":{"view":"C:\\Users\\Cibato\\Desktop\\Active for zay - Copy\\resources\\views\\frontend\\product_details\\details.blade.php","data":{"errors":"<pre class=sf-dump id=sf-dump-1316244749 data-indent-pad=\"  \"><span class=sf-dump-note>Illuminate\\Support\\ViewErrorBag</span> {<a class=sf-dump-ref>#3800</a><samp data-depth=1 class=sf-dump-expanded>
  #<span class=sf-dump-protected title=\"Protected property\">bags</span>: []
</samp>}
</pre><script>Sfdump(\"sf-dump-1316244749\", {\"maxDepth\":3,\"maxStringLength\":160})</script>
","detailedProduct":"<pre class=sf-dump id=sf-dump-37671028 data-indent-pad=\"  \"><span class=sf-dump-note>App\\Models\\Product</span> {<a class=sf-dump-ref>#3871</a><samp data-depth=1 class=sf-dump-expanded>
  #<span class=sf-dump-protected title=\"Protected property\">connection</span>: \"<span class=sf-dump-str title=\"5 characters\">mysql</span>\"
  #<span class=sf-dump-protected title=\"Protected property\">table</span>: \"<span class=sf-dump-str title=\"8 characters\">products</span>\"
  #<span class=sf-dump-protected title=\"Protected property\">primaryKey</span>: \"<span class=sf-dump-str title=\"2 characters\">id</span>\"
  #<span class=sf-dump-protected title=\"Protected property\">keyType</span>: \"<span class=sf-dump-str title=\"3 characters\">int</span>\"
  +<span class=sf-dump-public title=\"Public property\">incrementing</span>: <span class=sf-dump-const>true</span>
  #<span class=sf-dump-protected title=\"Protected property\">with</span>: <span class=sf-dump-note>array:3</span> [<samp data-depth=2 class=sf-dump-compact>
    <span class=sf-dump-index>0</span> => \"<span class=sf-dump-str title=\"20 characters\">product_translations</span>\"
    <span class=sf-dump-index>1</span> => \"<span class=sf-dump-str title=\"5 characters\">taxes</span>\"
    <span class=sf-dump-index>2</span> => \"<span class=sf-dump-str title=\"9 characters\">thumbnail</span>\"
  </samp>]
  #<span class=sf-dump-protected title=\"Protected property\">withCount</span>: []
  +<span class=sf-dump-public title=\"Public property\">preventsLazyLoading</span>: <span class=sf-dump-const>false</span>
  #<span class=sf-dump-protected title=\"Protected property\">perPage</span>: <span class=sf-dump-num>15</span>
  +<span class=sf-dump-public title=\"Public property\">exists</span>: <span class=sf-dump-const>true</span>
  +<span class=sf-dump-public title=\"Public property\">wasRecentlyCreated</span>: <span class=sf-dump-const>false</span>
  #<span class=sf-dump-protected title=\"Protected property\">escapeWhenCastingToString</span>: <span class=sf-dump-const>false</span>
  #<span class=sf-dump-protected title=\"Protected property\">attributes</span>: <span class=sf-dump-note>array:76</span> [<samp data-depth=2 class=sf-dump-compact>
    \"<span class=sf-dump-key>id</span>\" => <span class=sf-dump-num>5</span>
    \"<span class=sf-dump-key>name</span>\" => \"<span class=sf-dump-str title=\"54 characters\">Premium executive estate with plenty of cargo capacity</span>\"
    \"<span class=sf-dump-key>added_by</span>\" => \"<span class=sf-dump-str title=\"5 characters\">admin</span>\"
    \"<span class=sf-dump-key>user_id</span>\" => <span class=sf-dump-num>9</span>
    \"<span class=sf-dump-key>category_id</span>\" => <span class=sf-dump-num>5</span>
    \"<span class=sf-dump-key>brand_id</span>\" => <span class=sf-dump-num>1</span>
    \"<span class=sf-dump-key>photos</span>\" => \"<span class=sf-dump-str title=\"5 characters\">60,85</span>\"
    \"<span class=sf-dump-key>thumbnail_img</span>\" => \"<span class=sf-dump-str title=\"2 characters\">85</span>\"
    \"<span class=sf-dump-key>short_video</span>\" => <span class=sf-dump-const>null</span>
    \"<span class=sf-dump-key>short_video_thumbnail</span>\" => <span class=sf-dump-const>null</span>
    \"<span class=sf-dump-key>video_provider</span>\" => \"<span class=sf-dump-str title=\"7 characters\">youtube</span>\"
    \"<span class=sf-dump-key>video_link</span>\" => <span class=sf-dump-const>null</span>
    \"<span class=sf-dump-key>tags</span>\" => \"\"
    \"<span class=sf-dump-key>description</span>\" => \"<span class=sf-dump-str title=\"65 characters\">&lt;p&gt;Premium executive estate with plenty of cargo capacity&lt;br&gt;&lt;/p&gt;</span>\"
    \"<span class=sf-dump-key>unit_price</span>\" => <span class=sf-dump-num>12.0</span>
    \"<span class=sf-dump-key>purchase_price</span>\" => <span class=sf-dump-const>null</span>
    \"<span class=sf-dump-key>variant_product</span>\" => <span class=sf-dump-num>0</span>
    \"<span class=sf-dump-key>attributes</span>\" => \"<span class=sf-dump-str title=\"2 characters\">[]</span>\"
    \"<span class=sf-dump-key>choice_options</span>\" => \"<span class=sf-dump-str title=\"2 characters\">[]</span>\"
    \"<span class=sf-dump-key>colors</span>\" => \"<span class=sf-dump-str title=\"2 characters\">[]</span>\"
    \"<span class=sf-dump-key>variations</span>\" => <span class=sf-dump-const>null</span>
    \"<span class=sf-dump-key>custom_label_id</span>\" => <span class=sf-dump-const>null</span>
    \"<span class=sf-dump-key>todays_deal</span>\" => <span class=sf-dump-num>0</span>
    \"<span class=sf-dump-key>published</span>\" => <span class=sf-dump-num>1</span>
    \"<span class=sf-dump-key>draft</span>\" => <span class=sf-dump-num>0</span>
    \"<span class=sf-dump-key>pos</span>\" => <span class=sf-dump-num>0</span>
    \"<span class=sf-dump-key>approved</span>\" => <span class=sf-dump-num>1</span>
    \"<span class=sf-dump-key>stock_visibility_state</span>\" => \"<span class=sf-dump-str title=\"8 characters\">quantity</span>\"
    \"<span class=sf-dump-key>cash_on_delivery</span>\" => <span class=sf-dump-num>1</span>
    \"<span class=sf-dump-key>featured</span>\" => <span class=sf-dump-num>0</span>
    \"<span class=sf-dump-key>seller_featured</span>\" => <span class=sf-dump-num>0</span>
    \"<span class=sf-dump-key>current_stock</span>\" => <span class=sf-dump-num>0</span>
    \"<span class=sf-dump-key>unit</span>\" => \"<span class=sf-dump-str title=\"2 characters\">Pc</span>\"
    \"<span class=sf-dump-key>weight</span>\" => <span class=sf-dump-num>2.0</span>
    \"<span class=sf-dump-key>min_qty</span>\" => <span class=sf-dump-num>1</span>
    \"<span class=sf-dump-key>low_stock_quantity</span>\" => <span class=sf-dump-num>1</span>
    \"<span class=sf-dump-key>discount</span>\" => <span class=sf-dump-num>0.0</span>
    \"<span class=sf-dump-key>discount_type</span>\" => \"<span class=sf-dump-str title=\"6 characters\">amount</span>\"
    \"<span class=sf-dump-key>discount_start_date</span>\" => <span class=sf-dump-num>1698796800</span>
    \"<span class=sf-dump-key>discount_end_date</span>\" => <span class=sf-dump-num>1767743940</span>
    \"<span class=sf-dump-key>tax</span>\" => <span class=sf-dump-const>null</span>
    \"<span class=sf-dump-key>tax_type</span>\" => <span class=sf-dump-const>null</span>
    \"<span class=sf-dump-key>hsn_code</span>\" => <span class=sf-dump-const>null</span>
    \"<span class=sf-dump-key>gst_rate</span>\" => <span class=sf-dump-num>0.0</span>
    \"<span class=sf-dump-key>shipping_type</span>\" => \"<span class=sf-dump-str title=\"4 characters\">free</span>\"
    \"<span class=sf-dump-key>shipping_cost</span>\" => <span class=sf-dump-num>0.0</span>
    \"<span class=sf-dump-key>is_quantity_multiplied</span>\" => <span class=sf-dump-num>0</span>
    \"<span class=sf-dump-key>est_shipping_days</span>\" => <span class=sf-dump-const>null</span>
    \"<span class=sf-dump-key>show_estimated_shipping_time</span>\" => <span class=sf-dump-num>0</span>
    \"<span class=sf-dump-key>shipping_note_id</span>\" => <span class=sf-dump-const>null</span>
    \"<span class=sf-dump-key>show_shipping_note</span>\" => <span class=sf-dump-num>0</span>
    \"<span class=sf-dump-key>num_of_sale</span>\" => <span class=sf-dump-num>0</span>
    \"<span class=sf-dump-key>meta_title</span>\" => \"<span class=sf-dump-str title=\"54 characters\">Premium executive estate with plenty of cargo capacity</span>\"
    \"<span class=sf-dump-key>meta_description</span>\" => \"<span class=sf-dump-str title=\"54 characters\">Premium executive estate with plenty of cargo capacity</span>\"
    \"<span class=sf-dump-key>meta_keywords</span>\" => <span class=sf-dump-const>null</span>
    \"<span class=sf-dump-key>meta_img</span>\" => \"<span class=sf-dump-str title=\"2 characters\">61</span>\"
    \"<span class=sf-dump-key>pdf</span>\" => <span class=sf-dump-const>null</span>
    \"<span class=sf-dump-key>slug</span>\" => \"<span class=sf-dump-str title=\"54 characters\">premium-executive-estate-with-plenty-of-cargo-capacity</span>\"
    \"<span class=sf-dump-key>rating</span>\" => <span class=sf-dump-num>0.0</span>
    \"<span class=sf-dump-key>barcode</span>\" => <span class=sf-dump-const>null</span>
    \"<span class=sf-dump-key>digital</span>\" => <span class=sf-dump-num>0</span>
    \"<span class=sf-dump-key>auction_product</span>\" => <span class=sf-dump-num>0</span>
    \"<span class=sf-dump-key>file_name</span>\" => <span class=sf-dump-const>null</span>
    \"<span class=sf-dump-key>file_path</span>\" => <span class=sf-dump-const>null</span>
    \"<span class=sf-dump-key>external_link</span>\" => <span class=sf-dump-const>null</span>
    \"<span class=sf-dump-key>external_link_btn</span>\" => <span class=sf-dump-const>null</span>
    \"<span class=sf-dump-key>wholesale_product</span>\" => <span class=sf-dump-num>0</span>
    \"<span class=sf-dump-key>frequently_bought_selection_type</span>\" => \"<span class=sf-dump-str title=\"7 characters\">product</span>\"
    \"<span class=sf-dump-key>has_warranty</span>\" => <span class=sf-dump-num>0</span>
    \"<span class=sf-dump-key>warranty_id</span>\" => <span class=sf-dump-const>null</span>
    \"<span class=sf-dump-key>warranty_note_id</span>\" => <span class=sf-dump-const>null</span>
    \"<span class=sf-dump-key>show_warranty_note</span>\" => <span class=sf-dump-num>1</span>
    \"<span class=sf-dump-key>delivery_note_id</span>\" => <span class=sf-dump-const>null</span>
    \"<span class=sf-dump-key>show_delivery_notes</span>\" => <span class=sf-dump-num>0</span>
    \"<span class=sf-dump-key>created_at</span>\" => \"<span class=sf-dump-str title=\"19 characters\">2023-12-14 21:22:30</span>\"
    \"<span class=sf-dump-key>updated_at</span>\" => \"<span class=sf-dump-str title=\"19 characters\">2024-01-09 20:36:51</span>\"
  </samp>]
  #<span class=sf-dump-protected title=\"Protected property\">original</span>: <span class=sf-dump-note>array:76</span> [<samp data-depth=2 class=sf-dump-compact>
    \"<span class=sf-dump-key>id</span>\" => <span class=sf-dump-num>5</span>
    \"<span class=sf-dump-key>name</span>\" => \"<span class=sf-dump-str title=\"54 characters\">Premium executive estate with plenty of cargo capacity</span>\"
    \"<span class=sf-dump-key>added_by</span>\" => \"<span class=sf-dump-str title=\"5 characters\">admin</span>\"
    \"<span class=sf-dump-key>user_id</span>\" => <span class=sf-dump-num>9</span>
    \"<span class=sf-dump-key>category_id</span>\" => <span class=sf-dump-num>5</span>
    \"<span class=sf-dump-key>brand_id</span>\" => <span class=sf-dump-num>1</span>
    \"<span class=sf-dump-key>photos</span>\" => \"<span class=sf-dump-str title=\"5 characters\">60,85</span>\"
    \"<span class=sf-dump-key>thumbnail_img</span>\" => \"<span class=sf-dump-str title=\"2 characters\">85</span>\"
    \"<span class=sf-dump-key>short_video</span>\" => <span class=sf-dump-const>null</span>
    \"<span class=sf-dump-key>short_video_thumbnail</span>\" => <span class=sf-dump-const>null</span>
    \"<span class=sf-dump-key>video_provider</span>\" => \"<span class=sf-dump-str title=\"7 characters\">youtube</span>\"
    \"<span class=sf-dump-key>video_link</span>\" => <span class=sf-dump-const>null</span>
    \"<span class=sf-dump-key>tags</span>\" => \"\"
    \"<span class=sf-dump-key>description</span>\" => \"<span class=sf-dump-str title=\"65 characters\">&lt;p&gt;Premium executive estate with plenty of cargo capacity&lt;br&gt;&lt;/p&gt;</span>\"
    \"<span class=sf-dump-key>unit_price</span>\" => <span class=sf-dump-num>12.0</span>
    \"<span class=sf-dump-key>purchase_price</span>\" => <span class=sf-dump-const>null</span>
    \"<span class=sf-dump-key>variant_product</span>\" => <span class=sf-dump-num>0</span>
    \"<span class=sf-dump-key>attributes</span>\" => \"<span class=sf-dump-str title=\"2 characters\">[]</span>\"
    \"<span class=sf-dump-key>choice_options</span>\" => \"<span class=sf-dump-str title=\"2 characters\">[]</span>\"
    \"<span class=sf-dump-key>colors</span>\" => \"<span class=sf-dump-str title=\"2 characters\">[]</span>\"
    \"<span class=sf-dump-key>variations</span>\" => <span class=sf-dump-const>null</span>
    \"<span class=sf-dump-key>custom_label_id</span>\" => <span class=sf-dump-const>null</span>
    \"<span class=sf-dump-key>todays_deal</span>\" => <span class=sf-dump-num>0</span>
    \"<span class=sf-dump-key>published</span>\" => <span class=sf-dump-num>1</span>
    \"<span class=sf-dump-key>draft</span>\" => <span class=sf-dump-num>0</span>
    \"<span class=sf-dump-key>pos</span>\" => <span class=sf-dump-num>0</span>
    \"<span class=sf-dump-key>approved</span>\" => <span class=sf-dump-num>1</span>
    \"<span class=sf-dump-key>stock_visibility_state</span>\" => \"<span class=sf-dump-str title=\"8 characters\">quantity</span>\"
    \"<span class=sf-dump-key>cash_on_delivery</span>\" => <span class=sf-dump-num>1</span>
    \"<span class=sf-dump-key>featured</span>\" => <span class=sf-dump-num>0</span>
    \"<span class=sf-dump-key>seller_featured</span>\" => <span class=sf-dump-num>0</span>
    \"<span class=sf-dump-key>current_stock</span>\" => <span class=sf-dump-num>0</span>
    \"<span class=sf-dump-key>unit</span>\" => \"<span class=sf-dump-str title=\"2 characters\">Pc</span>\"
    \"<span class=sf-dump-key>weight</span>\" => <span class=sf-dump-num>2.0</span>
    \"<span class=sf-dump-key>min_qty</span>\" => <span class=sf-dump-num>1</span>
    \"<span class=sf-dump-key>low_stock_quantity</span>\" => <span class=sf-dump-num>1</span>
    \"<span class=sf-dump-key>discount</span>\" => <span class=sf-dump-num>0.0</span>
    \"<span class=sf-dump-key>discount_type</span>\" => \"<span class=sf-dump-str title=\"6 characters\">amount</span>\"
    \"<span class=sf-dump-key>discount_start_date</span>\" => <span class=sf-dump-num>1698796800</span>
    \"<span class=sf-dump-key>discount_end_date</span>\" => <span class=sf-dump-num>1767743940</span>
    \"<span class=sf-dump-key>tax</span>\" => <span class=sf-dump-const>null</span>
    \"<span class=sf-dump-key>tax_type</span>\" => <span class=sf-dump-const>null</span>
    \"<span class=sf-dump-key>hsn_code</span>\" => <span class=sf-dump-const>null</span>
    \"<span class=sf-dump-key>gst_rate</span>\" => <span class=sf-dump-num>0.0</span>
    \"<span class=sf-dump-key>shipping_type</span>\" => \"<span class=sf-dump-str title=\"4 characters\">free</span>\"
    \"<span class=sf-dump-key>shipping_cost</span>\" => <span class=sf-dump-num>0.0</span>
    \"<span class=sf-dump-key>is_quantity_multiplied</span>\" => <span class=sf-dump-num>0</span>
    \"<span class=sf-dump-key>est_shipping_days</span>\" => <span class=sf-dump-const>null</span>
    \"<span class=sf-dump-key>show_estimated_shipping_time</span>\" => <span class=sf-dump-num>0</span>
    \"<span class=sf-dump-key>shipping_note_id</span>\" => <span class=sf-dump-const>null</span>
    \"<span class=sf-dump-key>show_shipping_note</span>\" => <span class=sf-dump-num>0</span>
    \"<span class=sf-dump-key>num_of_sale</span>\" => <span class=sf-dump-num>0</span>
    \"<span class=sf-dump-key>meta_title</span>\" => \"<span class=sf-dump-str title=\"54 characters\">Premium executive estate with plenty of cargo capacity</span>\"
    \"<span class=sf-dump-key>meta_description</span>\" => \"<span class=sf-dump-str title=\"54 characters\">Premium executive estate with plenty of cargo capacity</span>\"
    \"<span class=sf-dump-key>meta_keywords</span>\" => <span class=sf-dump-const>null</span>
    \"<span class=sf-dump-key>meta_img</span>\" => \"<span class=sf-dump-str title=\"2 characters\">61</span>\"
    \"<span class=sf-dump-key>pdf</span>\" => <span class=sf-dump-const>null</span>
    \"<span class=sf-dump-key>slug</span>\" => \"<span class=sf-dump-str title=\"54 characters\">premium-executive-estate-with-plenty-of-cargo-capacity</span>\"
    \"<span class=sf-dump-key>rating</span>\" => <span class=sf-dump-num>0.0</span>
    \"<span class=sf-dump-key>barcode</span>\" => <span class=sf-dump-const>null</span>
    \"<span class=sf-dump-key>digital</span>\" => <span class=sf-dump-num>0</span>
    \"<span class=sf-dump-key>auction_product</span>\" => <span class=sf-dump-num>0</span>
    \"<span class=sf-dump-key>file_name</span>\" => <span class=sf-dump-const>null</span>
    \"<span class=sf-dump-key>file_path</span>\" => <span class=sf-dump-const>null</span>
    \"<span class=sf-dump-key>external_link</span>\" => <span class=sf-dump-const>null</span>
    \"<span class=sf-dump-key>external_link_btn</span>\" => <span class=sf-dump-const>null</span>
    \"<span class=sf-dump-key>wholesale_product</span>\" => <span class=sf-dump-num>0</span>
    \"<span class=sf-dump-key>frequently_bought_selection_type</span>\" => \"<span class=sf-dump-str title=\"7 characters\">product</span>\"
    \"<span class=sf-dump-key>has_warranty</span>\" => <span class=sf-dump-num>0</span>
    \"<span class=sf-dump-key>warranty_id</span>\" => <span class=sf-dump-const>null</span>
    \"<span class=sf-dump-key>warranty_note_id</span>\" => <span class=sf-dump-const>null</span>
    \"<span class=sf-dump-key>show_warranty_note</span>\" => <span class=sf-dump-num>1</span>
    \"<span class=sf-dump-key>delivery_note_id</span>\" => <span class=sf-dump-const>null</span>
    \"<span class=sf-dump-key>show_delivery_notes</span>\" => <span class=sf-dump-num>0</span>
    \"<span class=sf-dump-key>created_at</span>\" => \"<span class=sf-dump-str title=\"19 characters\">2023-12-14 21:22:30</span>\"
    \"<span class=sf-dump-key>updated_at</span>\" => \"<span class=sf-dump-str title=\"19 characters\">2024-01-09 20:36:51</span>\"
  </samp>]
  #<span class=sf-dump-protected title=\"Protected property\">changes</span>: []
  #<span class=sf-dump-protected title=\"Protected property\">casts</span>: []
  #<span class=sf-dump-protected title=\"Protected property\">classCastCache</span>: []
  #<span class=sf-dump-protected title=\"Protected property\">attributeCastCache</span>: []
  #<span class=sf-dump-protected title=\"Protected property\">dateFormat</span>: <span class=sf-dump-const>null</span>
  #<span class=sf-dump-protected title=\"Protected property\">appends</span>: []
  #<span class=sf-dump-protected title=\"Protected property\">dispatchesEvents</span>: []
  #<span class=sf-dump-protected title=\"Protected property\">observables</span>: []
  #<span class=sf-dump-protected title=\"Protected property\">relations</span>: <span class=sf-dump-note>array:8</span> [<samp data-depth=2 class=sf-dump-compact>
    \"<span class=sf-dump-key>product_translations</span>\" => <span class=\"sf-dump-note sf-dump-ellipsization\" title=\"Illuminate\\Database\\Eloquent\\Collection
\"><span class=\"sf-dump-ellipsis sf-dump-ellipsis-note\">Illuminate\\Database\\Eloquent</span><span class=\"sf-dump-ellipsis sf-dump-ellipsis-note\">\\</span><span class=\"sf-dump-ellipsis-tail\">Collection</span></span> {<a class=sf-dump-ref>#3878</a><samp data-depth=3 class=sf-dump-compact>
      #<span class=sf-dump-protected title=\"Protected property\">items</span>: <span class=sf-dump-note>array:2</span> [ &#8230;2]
      #<span class=sf-dump-protected title=\"Protected property\">escapeWhenCastingToString</span>: <span class=sf-dump-const>false</span>
    </samp>}
    \"<span class=sf-dump-key>taxes</span>\" => <span class=\"sf-dump-note sf-dump-ellipsization\" title=\"Illuminate\\Database\\Eloquent\\Collection
\"><span class=\"sf-dump-ellipsis sf-dump-ellipsis-note\">Illuminate\\Database\\Eloquent</span><span class=\"sf-dump-ellipsis sf-dump-ellipsis-note\">\\</span><span class=\"sf-dump-ellipsis-tail\">Collection</span></span> {<a class=sf-dump-ref>#3877</a><samp data-depth=3 class=sf-dump-compact>
      #<span class=sf-dump-protected title=\"Protected property\">items</span>: <span class=sf-dump-note>array:2</span> [ &#8230;2]
      #<span class=sf-dump-protected title=\"Protected property\">escapeWhenCastingToString</span>: <span class=sf-dump-const>false</span>
    </samp>}
    \"<span class=sf-dump-key>thumbnail</span>\" => <span class=\"sf-dump-note sf-dump-ellipsization\" title=\"App\\Models\\Upload
\"><span class=\"sf-dump-ellipsis sf-dump-ellipsis-note\">App\\Models</span><span class=\"sf-dump-ellipsis sf-dump-ellipsis-note\">\\</span><span class=\"sf-dump-ellipsis-tail\">Upload</span></span> {<a class=sf-dump-ref>#3819</a><samp data-depth=3 class=sf-dump-compact>
      #<span class=sf-dump-protected title=\"Protected property\">connection</span>: \"<span class=sf-dump-str title=\"5 characters\">mysql</span>\"
      #<span class=sf-dump-protected title=\"Protected property\">table</span>: \"<span class=sf-dump-str title=\"7 characters\">uploads</span>\"
      #<span class=sf-dump-protected title=\"Protected property\">primaryKey</span>: \"<span class=sf-dump-str title=\"2 characters\">id</span>\"
      #<span class=sf-dump-protected title=\"Protected property\">keyType</span>: \"<span class=sf-dump-str title=\"3 characters\">int</span>\"
      +<span class=sf-dump-public title=\"Public property\">incrementing</span>: <span class=sf-dump-const>true</span>
      #<span class=sf-dump-protected title=\"Protected property\">with</span>: []
      #<span class=sf-dump-protected title=\"Protected property\">withCount</span>: []
      +<span class=sf-dump-public title=\"Public property\">preventsLazyLoading</span>: <span class=sf-dump-const>false</span>
      #<span class=sf-dump-protected title=\"Protected property\">perPage</span>: <span class=sf-dump-num>15</span>
      +<span class=sf-dump-public title=\"Public property\">exists</span>: <span class=sf-dump-const>true</span>
      +<span class=sf-dump-public title=\"Public property\">wasRecentlyCreated</span>: <span class=sf-dump-const>false</span>
      #<span class=sf-dump-protected title=\"Protected property\">escapeWhenCastingToString</span>: <span class=sf-dump-const>false</span>
      #<span class=sf-dump-protected title=\"Protected property\">attributes</span>: <span class=sf-dump-note>array:11</span> [ &#8230;11]
      #<span class=sf-dump-protected title=\"Protected property\">original</span>: <span class=sf-dump-note>array:11</span> [ &#8230;11]
      #<span class=sf-dump-protected title=\"Protected property\">changes</span>: []
      #<span class=sf-dump-protected title=\"Protected property\">casts</span>: <span class=sf-dump-note>array:1</span> [ &#8230;1]
      #<span class=sf-dump-protected title=\"Protected property\">classCastCache</span>: []
      #<span class=sf-dump-protected title=\"Protected property\">attributeCastCache</span>: []
      #<span class=sf-dump-protected title=\"Protected property\">dateFormat</span>: <span class=sf-dump-const>null</span>
      #<span class=sf-dump-protected title=\"Protected property\">appends</span>: []
      #<span class=sf-dump-protected title=\"Protected property\">dispatchesEvents</span>: []
      #<span class=sf-dump-protected title=\"Protected property\">observables</span>: []
      #<span class=sf-dump-protected title=\"Protected property\">relations</span>: []
      #<span class=sf-dump-protected title=\"Protected property\">touches</span>: []
      +<span class=sf-dump-public title=\"Public property\">timestamps</span>: <span class=sf-dump-const>true</span>
      +<span class=sf-dump-public title=\"Public property\">usesUniqueIds</span>: <span class=sf-dump-const>false</span>
      #<span class=sf-dump-protected title=\"Protected property\">hidden</span>: []
      #<span class=sf-dump-protected title=\"Protected property\">visible</span>: []
      #<span class=sf-dump-protected title=\"Protected property\">fillable</span>: <span class=sf-dump-note>array:6</span> [ &#8230;6]
      #<span class=sf-dump-protected title=\"Protected property\">guarded</span>: <span class=sf-dump-note>array:1</span> [ &#8230;1]
      #<span class=sf-dump-protected title=\"Protected property\">forceDeleting</span>: <span class=sf-dump-const>false</span>
    </samp>}
    \"<span class=sf-dump-key>reviews</span>\" => <span class=\"sf-dump-note sf-dump-ellipsization\" title=\"Illuminate\\Database\\Eloquent\\Collection
\"><span class=\"sf-dump-ellipsis sf-dump-ellipsis-note\">Illuminate\\Database\\Eloquent</span><span class=\"sf-dump-ellipsis sf-dump-ellipsis-note\">\\</span><span class=\"sf-dump-ellipsis-tail\">Collection</span></span> {<a class=sf-dump-ref>#3835</a><samp data-depth=3 class=sf-dump-compact>
      #<span class=sf-dump-protected title=\"Protected property\">items</span>: []
      #<span class=sf-dump-protected title=\"Protected property\">escapeWhenCastingToString</span>: <span class=sf-dump-const>false</span>
    </samp>}
    \"<span class=sf-dump-key>brand</span>\" => <span class=\"sf-dump-note sf-dump-ellipsization\" title=\"App\\Models\\Brand
\"><span class=\"sf-dump-ellipsis sf-dump-ellipsis-note\">App\\Models</span><span class=\"sf-dump-ellipsis sf-dump-ellipsis-note\">\\</span><span class=\"sf-dump-ellipsis-tail\">Brand</span></span> {<a class=sf-dump-ref>#3973</a><samp data-depth=3 class=sf-dump-compact>
      #<span class=sf-dump-protected title=\"Protected property\">connection</span>: \"<span class=sf-dump-str title=\"5 characters\">mysql</span>\"
      #<span class=sf-dump-protected title=\"Protected property\">table</span>: \"<span class=sf-dump-str title=\"6 characters\">brands</span>\"
      #<span class=sf-dump-protected title=\"Protected property\">primaryKey</span>: \"<span class=sf-dump-str title=\"2 characters\">id</span>\"
      #<span class=sf-dump-protected title=\"Protected property\">keyType</span>: \"<span class=sf-dump-str title=\"3 characters\">int</span>\"
      +<span class=sf-dump-public title=\"Public property\">incrementing</span>: <span class=sf-dump-const>true</span>
      #<span class=sf-dump-protected title=\"Protected property\">with</span>: <span class=sf-dump-note>array:1</span> [ &#8230;1]
      #<span class=sf-dump-protected title=\"Protected property\">withCount</span>: []
      +<span class=sf-dump-public title=\"Public property\">preventsLazyLoading</span>: <span class=sf-dump-const>false</span>
      #<span class=sf-dump-protected title=\"Protected property\">perPage</span>: <span class=sf-dump-num>15</span>
      +<span class=sf-dump-public title=\"Public property\">exists</span>: <span class=sf-dump-const>true</span>
      +<span class=sf-dump-public title=\"Public property\">wasRecentlyCreated</span>: <span class=sf-dump-const>false</span>
      #<span class=sf-dump-protected title=\"Protected property\">escapeWhenCastingToString</span>: <span class=sf-dump-const>false</span>
      #<span class=sf-dump-protected title=\"Protected property\">attributes</span>: <span class=sf-dump-note>array:10</span> [ &#8230;10]
      #<span class=sf-dump-protected title=\"Protected property\">original</span>: <span class=sf-dump-note>array:10</span> [ &#8230;10]
      #<span class=sf-dump-protected title=\"Protected property\">changes</span>: []
      #<span class=sf-dump-protected title=\"Protected property\">casts</span>: []
      #<span class=sf-dump-protected title=\"Protected property\">classCastCache</span>: []
      #<span class=sf-dump-protected title=\"Protected property\">attributeCastCache</span>: []
      #<span class=sf-dump-protected title=\"Protected property\">dateFormat</span>: <span class=sf-dump-const>null</span>
      #<span class=sf-dump-protected title=\"Protected property\">appends</span>: []
      #<span class=sf-dump-protected title=\"Protected property\">dispatchesEvents</span>: []
      #<span class=sf-dump-protected title=\"Protected property\">observables</span>: []
      #<span class=sf-dump-protected title=\"Protected property\">relations</span>: <span class=sf-dump-note>array:1</span> [ &#8230;1]
      #<span class=sf-dump-protected title=\"Protected property\">touches</span>: []
      +<span class=sf-dump-public title=\"Public property\">timestamps</span>: <span class=sf-dump-const>true</span>
      +<span class=sf-dump-public title=\"Public property\">usesUniqueIds</span>: <span class=sf-dump-const>false</span>
      #<span class=sf-dump-protected title=\"Protected property\">hidden</span>: []
      #<span class=sf-dump-protected title=\"Protected property\">visible</span>: []
      #<span class=sf-dump-protected title=\"Protected property\">fillable</span>: <span class=sf-dump-note>array:5</span> [ &#8230;5]
      #<span class=sf-dump-protected title=\"Protected property\">guarded</span>: <span class=sf-dump-note>array:1</span> [ &#8230;1]
    </samp>}
    \"<span class=sf-dump-key>stocks</span>\" => <span class=\"sf-dump-note sf-dump-ellipsization\" title=\"Illuminate\\Database\\Eloquent\\Collection
\"><span class=\"sf-dump-ellipsis sf-dump-ellipsis-note\">Illuminate\\Database\\Eloquent</span><span class=\"sf-dump-ellipsis sf-dump-ellipsis-note\">\\</span><span class=\"sf-dump-ellipsis-tail\">Collection</span></span> {<a class=sf-dump-ref>#3969</a><samp data-depth=3 class=sf-dump-compact>
      #<span class=sf-dump-protected title=\"Protected property\">items</span>: <span class=sf-dump-note>array:2</span> [ &#8230;2]
      #<span class=sf-dump-protected title=\"Protected property\">escapeWhenCastingToString</span>: <span class=sf-dump-const>false</span>
    </samp>}
    \"<span class=sf-dump-key>user</span>\" => <span class=sf-dump-const>null</span>
    \"<span class=sf-dump-key>main_category</span>\" => <span class=\"sf-dump-note sf-dump-ellipsization\" title=\"App\\Models\\Category
\"><span class=\"sf-dump-ellipsis sf-dump-ellipsis-note\">App\\Models</span><span class=\"sf-dump-ellipsis sf-dump-ellipsis-note\">\\</span><span class=\"sf-dump-ellipsis-tail\">Category</span></span> {<a class=sf-dump-ref>#4147</a><samp data-depth=3 class=sf-dump-compact>
      #<span class=sf-dump-protected title=\"Protected property\">connection</span>: \"<span class=sf-dump-str title=\"5 characters\">mysql</span>\"
      #<span class=sf-dump-protected title=\"Protected property\">table</span>: \"<span class=sf-dump-str title=\"10 characters\">categories</span>\"
      #<span class=sf-dump-protected title=\"Protected property\">primaryKey</span>: \"<span class=sf-dump-str title=\"2 characters\">id</span>\"
      #<span class=sf-dump-protected title=\"Protected property\">keyType</span>: \"<span class=sf-dump-str title=\"3 characters\">int</span>\"
      +<span class=sf-dump-public title=\"Public property\">incrementing</span>: <span class=sf-dump-const>true</span>
      #<span class=sf-dump-protected title=\"Protected property\">with</span>: <span class=sf-dump-note>array:1</span> [ &#8230;1]
      #<span class=sf-dump-protected title=\"Protected property\">withCount</span>: []
      +<span class=sf-dump-public title=\"Public property\">preventsLazyLoading</span>: <span class=sf-dump-const>false</span>
      #<span class=sf-dump-protected title=\"Protected property\">perPage</span>: <span class=sf-dump-num>15</span>
      +<span class=sf-dump-public title=\"Public property\">exists</span>: <span class=sf-dump-const>true</span>
      +<span class=sf-dump-public title=\"Public property\">wasRecentlyCreated</span>: <span class=sf-dump-const>false</span>
      #<span class=sf-dump-protected title=\"Protected property\">escapeWhenCastingToString</span>: <span class=sf-dump-const>false</span>
      #<span class=sf-dump-protected title=\"Protected property\">attributes</span>: <span class=sf-dump-note>array:23</span> [ &#8230;23]
      #<span class=sf-dump-protected title=\"Protected property\">original</span>: <span class=sf-dump-note>array:23</span> [ &#8230;23]
      #<span class=sf-dump-protected title=\"Protected property\">changes</span>: []
      #<span class=sf-dump-protected title=\"Protected property\">casts</span>: []
      #<span class=sf-dump-protected title=\"Protected property\">classCastCache</span>: []
      #<span class=sf-dump-protected title=\"Protected property\">attributeCastCache</span>: []
      #<span class=sf-dump-protected title=\"Protected property\">dateFormat</span>: <span class=sf-dump-const>null</span>
      #<span class=sf-dump-protected title=\"Protected property\">appends</span>: []
      #<span class=sf-dump-protected title=\"Protected property\">dispatchesEvents</span>: []
      #<span class=sf-dump-protected title=\"Protected property\">observables</span>: []
      #<span class=sf-dump-protected title=\"Protected property\">relations</span>: <span class=sf-dump-note>array:1</span> [ &#8230;1]
      #<span class=sf-dump-protected title=\"Protected property\">touches</span>: []
      +<span class=sf-dump-public title=\"Public property\">timestamps</span>: <span class=sf-dump-const>true</span>
      +<span class=sf-dump-public title=\"Public property\">usesUniqueIds</span>: <span class=sf-dump-const>false</span>
      #<span class=sf-dump-protected title=\"Protected property\">hidden</span>: []
      #<span class=sf-dump-protected title=\"Protected property\">visible</span>: []
      #<span class=sf-dump-protected title=\"Protected property\">fillable</span>: <span class=sf-dump-note>array:3</span> [ &#8230;3]
      #<span class=sf-dump-protected title=\"Protected property\">guarded</span>: <span class=sf-dump-note>array:1</span> [ &#8230;1]
    </samp>}
  </samp>]
  #<span class=sf-dump-protected title=\"Protected property\">touches</span>: []
  +<span class=sf-dump-public title=\"Public property\">timestamps</span>: <span class=sf-dump-const>true</span>
  +<span class=sf-dump-public title=\"Public property\">usesUniqueIds</span>: <span class=sf-dump-const>false</span>
  #<span class=sf-dump-protected title=\"Protected property\">hidden</span>: []
  #<span class=sf-dump-protected title=\"Protected property\">visible</span>: []
  #<span class=sf-dump-protected title=\"Protected property\">fillable</span>: []
  #<span class=sf-dump-protected title=\"Protected property\">guarded</span>: <span class=sf-dump-note>array:1</span> [<samp data-depth=2 class=sf-dump-compact>
    <span class=sf-dump-index>0</span> => \"<span class=sf-dump-str title=\"17 characters\">choice_attributes</span>\"
  </samp>]
</samp>}
</pre><script>Sfdump(\"sf-dump-37671028\", {\"maxDepth\":3,\"maxStringLength\":160})</script>
","product_queries":"<pre class=sf-dump id=sf-dump-622010016 data-indent-pad=\"  \"><span class=sf-dump-note>Illuminate\\Pagination\\LengthAwarePaginator</span> {<a class=sf-dump-ref>#4046</a><samp data-depth=1 class=sf-dump-expanded>
  #<span class=sf-dump-protected title=\"Protected property\">items</span>: <span class=\"sf-dump-note sf-dump-ellipsization\" title=\"Illuminate\\Database\\Eloquent\\Collection
\"><span class=\"sf-dump-ellipsis sf-dump-ellipsis-note\">Illuminate\\Database\\Eloquent</span><span class=\"sf-dump-ellipsis sf-dump-ellipsis-note\">\\</span><span class=\"sf-dump-ellipsis-tail\">Collection</span></span> {<a class=sf-dump-ref>#4081</a><samp data-depth=2 class=sf-dump-compact>
    #<span class=sf-dump-protected title=\"Protected property\">items</span>: []
    #<span class=sf-dump-protected title=\"Protected property\">escapeWhenCastingToString</span>: <span class=sf-dump-const>false</span>
  </samp>}
  #<span class=sf-dump-protected title=\"Protected property\">perPage</span>: <span class=sf-dump-num>3</span>
  #<span class=sf-dump-protected title=\"Protected property\">currentPage</span>: <span class=sf-dump-num>1</span>
  #<span class=sf-dump-protected title=\"Protected property\">path</span>: \"<span class=sf-dump-str title=\"84 characters\">http://127.0.0.1:8000/product/premium-executive-estate-with-plenty-of-cargo-capacity</span>\"
  #<span class=sf-dump-protected title=\"Protected property\">query</span>: []
  #<span class=sf-dump-protected title=\"Protected property\">fragment</span>: <span class=sf-dump-const>null</span>
  #<span class=sf-dump-protected title=\"Protected property\">pageName</span>: \"<span class=sf-dump-str title=\"4 characters\">page</span>\"
  +<span class=sf-dump-public title=\"Public property\">onEachSide</span>: <span class=sf-dump-num>3</span>
  #<span class=sf-dump-protected title=\"Protected property\">options</span>: <span class=sf-dump-note>array:2</span> [<samp data-depth=2 class=sf-dump-compact>
    \"<span class=sf-dump-key>path</span>\" => \"<span class=sf-dump-str title=\"84 characters\">http://127.0.0.1:8000/product/premium-executive-estate-with-plenty-of-cargo-capacity</span>\"
    \"<span class=sf-dump-key>pageName</span>\" => \"<span class=sf-dump-str title=\"4 characters\">page</span>\"
  </samp>]
  #<span class=sf-dump-protected title=\"Protected property\">total</span>: <span class=sf-dump-num>0</span>
  #<span class=sf-dump-protected title=\"Protected property\">lastPage</span>: <span class=sf-dump-num>1</span>
</samp>}
</pre><script>Sfdump(\"sf-dump-622010016\", {\"maxDepth\":3,\"maxStringLength\":160})</script>
","total_query":"<pre class=sf-dump id=sf-dump-1980958497 data-indent-pad=\"  \"><span class=sf-dump-num>0</span>
</pre><script>Sfdump(\"sf-dump-1980958497\", {\"maxDepth\":3,\"maxStringLength\":160})</script>
","reviews":"<pre class=sf-dump id=sf-dump-1547470527 data-indent-pad=\"  \"><span class=sf-dump-note>Illuminate\\Pagination\\LengthAwarePaginator</span> {<a class=sf-dump-ref>#4033</a><samp data-depth=1 class=sf-dump-expanded>
  #<span class=sf-dump-protected title=\"Protected property\">items</span>: <span class=\"sf-dump-note sf-dump-ellipsization\" title=\"Illuminate\\Database\\Eloquent\\Collection
\"><span class=\"sf-dump-ellipsis sf-dump-ellipsis-note\">Illuminate\\Database\\Eloquent</span><span class=\"sf-dump-ellipsis sf-dump-ellipsis-note\">\\</span><span class=\"sf-dump-ellipsis-tail\">Collection</span></span> {<a class=sf-dump-ref>#4084</a><samp data-depth=2 class=sf-dump-compact>
    #<span class=sf-dump-protected title=\"Protected property\">items</span>: []
    #<span class=sf-dump-protected title=\"Protected property\">escapeWhenCastingToString</span>: <span class=sf-dump-const>false</span>
  </samp>}
  #<span class=sf-dump-protected title=\"Protected property\">perPage</span>: <span class=sf-dump-num>3</span>
  #<span class=sf-dump-protected title=\"Protected property\">currentPage</span>: <span class=sf-dump-num>1</span>
  #<span class=sf-dump-protected title=\"Protected property\">path</span>: \"<span class=sf-dump-str title=\"84 characters\">http://127.0.0.1:8000/product/premium-executive-estate-with-plenty-of-cargo-capacity</span>\"
  #<span class=sf-dump-protected title=\"Protected property\">query</span>: []
  #<span class=sf-dump-protected title=\"Protected property\">fragment</span>: <span class=sf-dump-const>null</span>
  #<span class=sf-dump-protected title=\"Protected property\">pageName</span>: \"<span class=sf-dump-str title=\"4 characters\">page</span>\"
  +<span class=sf-dump-public title=\"Public property\">onEachSide</span>: <span class=sf-dump-num>3</span>
  #<span class=sf-dump-protected title=\"Protected property\">options</span>: <span class=sf-dump-note>array:2</span> [<samp data-depth=2 class=sf-dump-compact>
    \"<span class=sf-dump-key>path</span>\" => \"<span class=sf-dump-str title=\"84 characters\">http://127.0.0.1:8000/product/premium-executive-estate-with-plenty-of-cargo-capacity</span>\"
    \"<span class=sf-dump-key>pageName</span>\" => \"<span class=sf-dump-str title=\"4 characters\">page</span>\"
  </samp>]
  #<span class=sf-dump-protected title=\"Protected property\">total</span>: <span class=sf-dump-num>0</span>
  #<span class=sf-dump-protected title=\"Protected property\">lastPage</span>: <span class=sf-dump-num>1</span>
</samp>}
</pre><script>Sfdump(\"sf-dump-1547470527\", {\"maxDepth\":3,\"maxStringLength\":160})</script>
","review_status":"<pre class=sf-dump id=sf-dump-1575473679 data-indent-pad=\"  \"><span class=sf-dump-num>0</span>
</pre><script>Sfdump(\"sf-dump-1575473679\", {\"maxDepth\":3,\"maxStringLength\":160})</script>
","order_id":"<pre class=sf-dump id=sf-dump-1099711791 data-indent-pad=\"  \">\"\"
</pre><script>Sfdump(\"sf-dump-1099711791\", {\"maxDepth\":3,\"maxStringLength\":160})</script>
","availability":"<pre class=sf-dump id=sf-dump-42447397 data-indent-pad=\"  \">\"<span class=sf-dump-str title=\"12 characters\">out of stock</span>\"
</pre><script>Sfdump(\"sf-dump-42447397\", {\"maxDepth\":3,\"maxStringLength\":160})</script>
","qty":"<pre class=sf-dump id=sf-dump-2139136424 data-indent-pad=\"  \"><span class=sf-dump-num>0</span>
</pre><script>Sfdump(\"sf-dump-2139136424\", {\"maxDepth\":3,\"maxStringLength\":160})</script>
"}},"exception":"[object] (Spatie\\LaravelIgnition\\Exceptions\\ViewException(code: 0): Attempt to read property \"shop\" on null at C:/Users/Cibato/Desktop/Active for zay - Copy/resources/views/frontend/product_details/details.blade.php:3)
[stacktrace]
#0 C:/Users/Cibato/Desktop/Active for zay - Copy/vendor/laravel/framework/src/Illuminate/Filesystem/Filesystem.php(123): require('C://Users//Cibato...')
#1 C:/Users/Cibato/Desktop/Active for zay - Copy/vendor/laravel/framework/src/Illuminate/Filesystem/Filesystem.php(124): Illuminate/Filesystem/Filesystem::Illuminate/Filesystem/{closure}()
#2 C:/Users/Cibato/Desktop/Active for zay - Copy/vendor/laravel/framework/src/Illuminate/View/Engines/PhpEngine.php(58): Illuminate/Filesystem/Filesystem->getRequire('C://Users//Cibato...', Array)
#3 C:/Users/Cibato/Desktop/Active for zay - Copy/vendor/laravel/framework/src/Illuminate/View/Engines/CompilerEngine.php(72): Illuminate/View/Engines/PhpEngine->evaluatePath('C://Users//Cibato...', Array)
#4 C:/Users/Cibato/Desktop/Active for zay - Copy/vendor/laravel/framework/src/Illuminate/View/View.php(207): Illuminate/View/Engines/CompilerEngine->get('C://Users//Cibato...', Array)
#5 C:/Users/Cibato/Desktop/Active for zay - Copy/vendor/laravel/framework/src/Illuminate/View/View.php(190): Illuminate/View/View->getContents()
#6 C:/Users/Cibato/Desktop/Active for zay - Copy/vendor/laravel/framework/src/Illuminate/View/View.php(159): Illuminate/View/View->renderContents()
#7 C:/Users/Cibato/Desktop/Active for zay - Copy/resources/views/frontend/product_details.blade.php(90): Illuminate/View/View->render()
#8 C:/Users/Cibato/Desktop/Active for zay - Copy/vendor/laravel/framework/src/Illuminate/Filesystem/Filesystem.php(123): require('C://Users//Cibato...')
#9 C:/Users/Cibato/Desktop/Active for zay - Copy/vendor/laravel/framework/src/Illuminate/Filesystem/Filesystem.php(124): Illuminate/Filesystem/Filesystem::Illuminate/Filesystem/{closure}()
#10 C:/Users/Cibato/Desktop/Active for zay - Copy/vendor/laravel/framework/src/Illuminate/View/Engines/PhpEngine.php(58): Illuminate/Filesystem/Filesystem->getRequire('C://Users//Cibato...', Array)
#11 C:/Users/Cibato/Desktop/Active for zay - Copy/vendor/laravel/framework/src/Illuminate/View/Engines/CompilerEngine.php(72): Illuminate/View/Engines/PhpEngine->evaluatePath('C://Users//Cibato...', Array)
#12 C:/Users/Cibato/Desktop/Active for zay - Copy/vendor/laravel/framework/src/Illuminate/View/View.php(207): Illuminate/View/Engines/CompilerEngine->get('C://Users//Cibato...', Array)
#13 C:/Users/Cibato/Desktop/Active for zay - Copy/vendor/laravel/framework/src/Illuminate/View/View.php(190): Illuminate/View/View->getContents()
#14 C:/Users/Cibato/Desktop/Active for zay - Copy/vendor/laravel/framework/src/Illuminate/View/View.php(159): Illuminate/View/View->renderContents()
#15 C:/Users/Cibato/Desktop/Active for zay - Copy/vendor/laravel/framework/src/Illuminate/Http/Response.php(69): Illuminate/View/View->render()
#16 C:/Users/Cibato/Desktop/Active for zay - Copy/vendor/laravel/framework/src/Illuminate/Http/Response.php(35): Illuminate/Http/Response->setContent(Object(Illuminate/View/View))
#17 C:/Users/Cibato/Desktop/Active for zay - Copy/vendor/laravel/framework/src/Illuminate/Routing/Router.php(918): Illuminate/Http/Response->__construct(Object(Illuminate/View/View), 200, Array)
#18 C:/Users/Cibato/Desktop/Active for zay - Copy/vendor/laravel/framework/src/Illuminate/Routing/Router.php(885): Illuminate/Routing/Router::toResponse(Object(Illuminate/Http/Request), Object(Illuminate/View/View))
#19 C:/Users/Cibato/Desktop/Active for zay - Copy/vendor/laravel/framework/src/Illuminate/Routing/Router.php(805): Illuminate/Routing/Router->prepareResponse(Object(Illuminate/Http/Request), Object(Illuminate/View/View))
#20 C:/Users/Cibato/Desktop/Active for zay - Copy/vendor/laravel/framework/src/Illuminate/Pipeline/Pipeline.php(144): Illuminate/Routing/Router->Illuminate/Routing/{closure}(Object(Illuminate/Http/Request))
#21 C:/Users/Cibato/Desktop/Active for zay - Copy/app/Http/Middleware/PortfolioView.php(21): Illuminate/Pipeline/Pipeline->Illuminate/Pipeline/{closure}(Object(Illuminate/Http/Request))
#22 C:/Users/Cibato/Desktop/Active for zay - Copy/vendor/laravel/framework/src/Illuminate/Pipeline/Pipeline.php(183): App/Http/Middleware/PortfolioView->handle(Object(Illuminate/Http/Request), Object(Closure))
#23 C:/Users/Cibato/Desktop/Active for zay - Copy/app/Http/Middleware/CheckForMaintenanceMode.php(64): Illuminate/Pipeline/Pipeline->Illuminate/Pipeline/{closure}(Object(Illuminate/Http/Request))
#24 C:/Users/Cibato/Desktop/Active for zay - Copy/vendor/laravel/framework/src/Illuminate/Pipeline/Pipeline.php(183): App/Http/Middleware/CheckForMaintenanceMode->handle(Object(Illuminate/Http/Request), Object(Closure))
#25 C:/Users/Cibato/Desktop/Active for zay - Copy/app/Http/Middleware/HttpsProtocol.php(20): Illuminate/Pipeline/Pipeline->Illuminate/Pipeline/{closure}(Object(Illuminate/Http/Request))
#26 C:/Users/Cibato/Desktop/Active for zay - Copy/vendor/laravel/framework/src/Illuminate/Pipeline/Pipeline.php(183): App/Http/Middleware/HttpsProtocol->handle(Object(Illuminate/Http/Request), Object(Closure))
#27 C:/Users/Cibato/Desktop/Active for zay - Copy/app/Http/Middleware/Language.php(35): Illuminate/Pipeline/Pipeline->Illuminate/Pipeline/{closure}(Object(Illuminate/Http/Request))
#28 C:/Users/Cibato/Desktop/Active for zay - Copy/vendor/laravel/framework/src/Illuminate/Pipeline/Pipeline.php(183): App/Http/Middleware/Language->handle(Object(Illuminate/Http/Request), Object(Closure))
#29 C:/Users/Cibato/Desktop/Active for zay - Copy/vendor/laravel/framework/src/Illuminate/Routing/Middleware/SubstituteBindings.php(50): Illuminate/Pipeline/Pipeline->Illuminate/Pipeline/{closure}(Object(Illuminate/Http/Request))
#30 C:/Users/Cibato/Desktop/Active for zay - Copy/vendor/laravel/framework/src/Illuminate/Pipeline/Pipeline.php(183): Illuminate/Routing/Middleware/SubstituteBindings->handle(Object(Illuminate/Http/Request), Object(Closure))
#31 C:/Users/Cibato/Desktop/Active for zay - Copy/vendor/laravel/framework/src/Illuminate/Foundation/Http/Middleware/VerifyCsrfToken.php(78): Illuminate/Pipeline/Pipeline->Illuminate/Pipeline/{closure}(Object(Illuminate/Http/Request))
#32 C:/Users/Cibato/Desktop/Active for zay - Copy/vendor/laravel/framework/src/Illuminate/Pipeline/Pipeline.php(183): Illuminate/Foundation/Http/Middleware/VerifyCsrfToken->handle(Object(Illuminate/Http/Request), Object(Closure))
#33 C:/Users/Cibato/Desktop/Active for zay - Copy/vendor/laravel/framework/src/Illuminate/View/Middleware/ShareErrorsFromSession.php(49): Illuminate/Pipeline/Pipeline->Illuminate/Pipeline/{closure}(Object(Illuminate/Http/Request))
#34 C:/Users/Cibato/Desktop/Active for zay - Copy/vendor/laravel/framework/src/Illuminate/Pipeline/Pipeline.php(183): Illuminate/View/Middleware/ShareErrorsFromSession->handle(Object(Illuminate/Http/Request), Object(Closure))
#35 C:/Users/Cibato/Desktop/Active for zay - Copy/vendor/laravel/framework/src/Illuminate/Session/Middleware/StartSession.php(121): Illuminate/Pipeline/Pipeline->Illuminate/Pipeline/{closure}(Object(Illuminate/Http/Request))
#36 C:/Users/Cibato/Desktop/Active for zay - Copy/vendor/laravel/framework/src/Illuminate/Session/Middleware/StartSession.php(64): Illuminate/Session/Middleware/StartSession->handleStatefulRequest(Object(Illuminate/Http/Request), Object(Illuminate/Session/Store), Object(Closure))
#37 C:/Users/Cibato/Desktop/Active for zay - Copy/vendor/laravel/framework/src/Illuminate/Pipeline/Pipeline.php(183): Illuminate/Session/Middleware/StartSession->handle(Object(Illuminate/Http/Request), Object(Closure))
#38 C:/Users/Cibato/Desktop/Active for zay - Copy/vendor/laravel/framework/src/Illuminate/Cookie/Middleware/AddQueuedCookiesToResponse.php(37): Illuminate/Pipeline/Pipeline->Illuminate/Pipeline/{closure}(Object(Illuminate/Http/Request))
#39 C:/Users/Cibato/Desktop/Active for zay - Copy/vendor/laravel/framework/src/Illuminate/Pipeline/Pipeline.php(183): Illuminate/Cookie/Middleware/AddQueuedCookiesToResponse->handle(Object(Illuminate/Http/Request), Object(Closure))
#40 C:/Users/Cibato/Desktop/Active for zay - Copy/vendor/laravel/framework/src/Illuminate/Pipeline/Pipeline.php(119): Illuminate/Pipeline/Pipeline->Illuminate/Pipeline/{closure}(Object(Illuminate/Http/Request))
#41 C:/Users/Cibato/Desktop/Active for zay - Copy/vendor/laravel/framework/src/Illuminate/Routing/Router.php(805): Illuminate/Pipeline/Pipeline->then(Object(Closure))
#42 C:/Users/Cibato/Desktop/Active for zay - Copy/vendor/laravel/framework/src/Illuminate/Routing/Router.php(784): Illuminate/Routing/Router->runRouteWithinStack(Object(Illuminate/Routing/Route), Object(Illuminate/Http/Request))
#43 C:/Users/Cibato/Desktop/Active for zay - Copy/vendor/laravel/framework/src/Illuminate/Routing/Router.php(748): Illuminate/Routing/Router->runRoute(Object(Illuminate/Http/Request), Object(Illuminate/Routing/Route))
#44 C:/Users/Cibato/Desktop/Active for zay - Copy/vendor/laravel/framework/src/Illuminate/Routing/Router.php(737): Illuminate/Routing/Router->dispatchToRoute(Object(Illuminate/Http/Request))
#45 C:/Users/Cibato/Desktop/Active for zay - Copy/vendor/laravel/framework/src/Illuminate/Foundation/Http/Kernel.php(200): Illuminate/Routing/Router->dispatch(Object(Illuminate/Http/Request))
#46 C:/Users/Cibato/Desktop/Active for zay - Copy/vendor/laravel/framework/src/Illuminate/Pipeline/Pipeline.php(144): Illuminate/Foundation/Http/Kernel->Illuminate/Foundation/Http/{closure}(Object(Illuminate/Http/Request))
#47 C:/Users/Cibato/Desktop/Active for zay - Copy/vendor/barryvdh/laravel-debugbar/src/Middleware/InjectDebugbar.php(66): Illuminate/Pipeline/Pipeline->Illuminate/Pipeline/{closure}(Object(Illuminate/Http/Request))
#48 C:/Users/Cibato/Desktop/Active for zay - Copy/vendor/laravel/framework/src/Illuminate/Pipeline/Pipeline.php(183): Barryvdh/Debugbar/Middleware/InjectDebugbar->handle(Object(Illuminate/Http/Request), Object(Closure))
#49 C:/Users/Cibato/Desktop/Active for zay - Copy/vendor/laravel/framework/src/Illuminate/Http/Middleware/TrustProxies.php(39): Illuminate/Pipeline/Pipeline->Illuminate/Pipeline/{closure}(Object(Illuminate/Http/Request))
#50 C:/Users/Cibato/Desktop/Active for zay - Copy/vendor/laravel/framework/src/Illuminate/Pipeline/Pipeline.php(183): Illuminate/Http/Middleware/TrustProxies->handle(Object(Illuminate/Http/Request), Object(Closure))
#51 C:/Users/Cibato/Desktop/Active for zay - Copy/vendor/laravel/framework/src/Illuminate/Foundation/Http/Middleware/TransformsRequest.php(21): Illuminate/Pipeline/Pipeline->Illuminate/Pipeline/{closure}(Object(Illuminate/Http/Request))
#52 C:/Users/Cibato/Desktop/Active for zay - Copy/vendor/laravel/framework/src/Illuminate/Foundation/Http/Middleware/ConvertEmptyStringsToNull.php(31): Illuminate/Foundation/Http/Middleware/TransformsRequest->handle(Object(Illuminate/Http/Request), Object(Closure))
#53 C:/Users/Cibato/Desktop/Active for zay - Copy/vendor/laravel/framework/src/Illuminate/Pipeline/Pipeline.php(183): Illuminate/Foundation/Http/Middleware/ConvertEmptyStringsToNull->handle(Object(Illuminate/Http/Request), Object(Closure))
#54 C:/Users/Cibato/Desktop/Active for zay - Copy/vendor/laravel/framework/src/Illuminate/Foundation/Http/Middleware/TransformsRequest.php(21): Illuminate/Pipeline/Pipeline->Illuminate/Pipeline/{closure}(Object(Illuminate/Http/Request))
#55 C:/Users/Cibato/Desktop/Active for zay - Copy/vendor/laravel/framework/src/Illuminate/Foundation/Http/Middleware/TrimStrings.php(40): Illuminate/Foundation/Http/Middleware/TransformsRequest->handle(Object(Illuminate/Http/Request), Object(Closure))
#56 C:/Users/Cibato/Desktop/Active for zay - Copy/vendor/laravel/framework/src/Illuminate/Pipeline/Pipeline.php(183): Illuminate/Foundation/Http/Middleware/TrimStrings->handle(Object(Illuminate/Http/Request), Object(Closure))
#57 C:/Users/Cibato/Desktop/Active for zay - Copy/vendor/laravel/framework/src/Illuminate/Foundation/Http/Middleware/ValidatePostSize.php(27): Illuminate/Pipeline/Pipeline->Illuminate/Pipeline/{closure}(Object(Illuminate/Http/Request))
#58 C:/Users/Cibato/Desktop/Active for zay - Copy/vendor/laravel/framework/src/Illuminate/Pipeline/Pipeline.php(183): Illuminate/Foundation/Http/Middleware/ValidatePostSize->handle(Object(Illuminate/Http/Request), Object(Closure))
#59 C:/Users/Cibato/Desktop/Active for zay - Copy/vendor/laravel/framework/src/Illuminate/Pipeline/Pipeline.php(119): Illuminate/Pipeline/Pipeline->Illuminate/Pipeline/{closure}(Object(Illuminate/Http/Request))
#60 C:/Users/Cibato/Desktop/Active for zay - Copy/vendor/laravel/framework/src/Illuminate/Foundation/Http/Kernel.php(175): Illuminate/Pipeline/Pipeline->then(Object(Closure))
#61 C:/Users/Cibato/Desktop/Active for zay - Copy/vendor/laravel/framework/src/Illuminate/Foundation/Http/Kernel.php(144): Illuminate/Foundation/Http/Kernel->sendRequestThroughRouter(Object(Illuminate/Http/Request))
#62 C:/Users/Cibato/Desktop/Active for zay - Copy/public/index.php(52): Illuminate/Foundation/Http/Kernel->handle(Object(Illuminate/Http/Request))
#63 C:/Users/Cibato/Desktop/Active for zay - Copy/server.php(21): require_once('C://Users//Cibato...')
#64 {main}

[previous exception] [object] (ErrorException(code: 0): Attempt to read property \"shop\" on null at C:/Users/Cibato/Desktop/Active for zay - Copy/storage/framework/views/71c096f1612d60bb112b5ac9b0e1217d.php:4)
[stacktrace]
#0 C:/Users/Cibato/Desktop/Active for zay - Copy/vendor/laravel/framework/src/Illuminate/Foundation/Bootstrap/HandleExceptions.php(255): Illuminate/Foundation/Bootstrap/HandleExceptions->handleError(2, 'Attempt to read...', 'C://Users//Cibato...', 4)
#1 C:/Users/Cibato/Desktop/Active for zay - Copy/storage/framework/views/71c096f1612d60bb112b5ac9b0e1217d.php(4): Illuminate/Foundation/Bootstrap/HandleExceptions->Illuminate/Foundation/Bootstrap/{closure}(2, 'Attempt to read...', 'C://Users//Cibato...', 4)
#2 C:/Users/Cibato/Desktop/Active for zay - Copy/vendor/laravel/framework/src/Illuminate/Filesystem/Filesystem.php(123): require('C://Users//Cibato...')
#3 C:/Users/Cibato/Desktop/Active for zay - Copy/vendor/laravel/framework/src/Illuminate/Filesystem/Filesystem.php(124): Illuminate/Filesystem/Filesystem::Illuminate/Filesystem/{closure}()
#4 C:/Users/Cibato/Desktop/Active for zay - Copy/vendor/laravel/framework/src/Illuminate/View/Engines/PhpEngine.php(58): Illuminate/Filesystem/Filesystem->getRequire('C://Users//Cibato...', Array)
#5 C:/Users/Cibato/Desktop/Active for zay - Copy/vendor/laravel/framework/src/Illuminate/View/Engines/CompilerEngine.php(72): Illuminate/View/Engines/PhpEngine->evaluatePath('C://Users//Cibato...', Array)
#6 C:/Users/Cibato/Desktop/Active for zay - Copy/vendor/laravel/framework/src/Illuminate/View/View.php(207): Illuminate/View/Engines/CompilerEngine->get('C://Users//Cibato...', Array)
#7 C:/Users/Cibato/Desktop/Active for zay - Copy/vendor/laravel/framework/src/Illuminate/View/View.php(190): Illuminate/View/View->getContents()
#8 C:/Users/Cibato/Desktop/Active for zay - Copy/vendor/laravel/framework/src/Illuminate/View/View.php(159): Illuminate/View/View->renderContents()
#9 C:/Users/Cibato/Desktop/Active for zay - Copy/storage/framework/views/b30e1ad3436091de9f958dee5e9e5b3b.php(87): Illuminate/View/View->render()
#10 C:/Users/Cibato/Desktop/Active for zay - Copy/vendor/laravel/framework/src/Illuminate/Filesystem/Filesystem.php(123): require('C://Users//Cibato...')
#11 C:/Users/Cibato/Desktop/Active for zay - Copy/vendor/laravel/framework/src/Illuminate/Filesystem/Filesystem.php(124): Illuminate/Filesystem/Filesystem::Illuminate/Filesystem/{closure}()
#12 C:/Users/Cibato/Desktop/Active for zay - Copy/vendor/laravel/framework/src/Illuminate/View/Engines/PhpEngine.php(58): Illuminate/Filesystem/Filesystem->getRequire('C://Users//Cibato...', Array)
#13 C:/Users/Cibato/Desktop/Active for zay - Copy/vendor/laravel/framework/src/Illuminate/View/Engines/CompilerEngine.php(72): Illuminate/View/Engines/PhpEngine->evaluatePath('C://Users//Cibato...', Array)
#14 C:/Users/Cibato/Desktop/Active for zay - Copy/vendor/laravel/framework/src/Illuminate/View/View.php(207): Illuminate/View/Engines/CompilerEngine->get('C://Users//Cibato...', Array)
#15 C:/Users/Cibato/Desktop/Active for zay - Copy/vendor/laravel/framework/src/Illuminate/View/View.php(190): Illuminate/View/View->getContents()
#16 C:/Users/Cibato/Desktop/Active for zay - Copy/vendor/laravel/framework/src/Illuminate/View/View.php(159): Illuminate/View/View->renderContents()
#17 C:/Users/Cibato/Desktop/Active for zay - Copy/vendor/laravel/framework/src/Illuminate/Http/Response.php(69): Illuminate/View/View->render()
#18 C:/Users/Cibato/Desktop/Active for zay - Copy/vendor/laravel/framework/src/Illuminate/Http/Response.php(35): Illuminate/Http/Response->setContent(Object(Illuminate/View/View))
#19 C:/Users/Cibato/Desktop/Active for zay - Copy/vendor/laravel/framework/src/Illuminate/Routing/Router.php(918): Illuminate/Http/Response->__construct(Object(Illuminate/View/View), 200, Array)
#20 C:/Users/Cibato/Desktop/Active for zay - Copy/vendor/laravel/framework/src/Illuminate/Routing/Router.php(885): Illuminate/Routing/Router::toResponse(Object(Illuminate/Http/Request), Object(Illuminate/View/View))
#21 C:/Users/Cibato/Desktop/Active for zay - Copy/vendor/laravel/framework/src/Illuminate/Routing/Router.php(805): Illuminate/Routing/Router->prepareResponse(Object(Illuminate/Http/Request), Object(Illuminate/View/View))
#22 C:/Users/Cibato/Desktop/Active for zay - Copy/vendor/laravel/framework/src/Illuminate/Pipeline/Pipeline.php(144): Illuminate/Routing/Router->Illuminate/Routing/{closure}(Object(Illuminate/Http/Request))
#23 C:/Users/Cibato/Desktop/Active for zay - Copy/app/Http/Middleware/PortfolioView.php(21): Illuminate/Pipeline/Pipeline->Illuminate/Pipeline/{closure}(Object(Illuminate/Http/Request))
#24 C:/Users/Cibato/Desktop/Active for zay - Copy/vendor/laravel/framework/src/Illuminate/Pipeline/Pipeline.php(183): App/Http/Middleware/PortfolioView->handle(Object(Illuminate/Http/Request), Object(Closure))
#25 C:/Users/Cibato/Desktop/Active for zay - Copy/app/Http/Middleware/CheckForMaintenanceMode.php(64): Illuminate/Pipeline/Pipeline->Illuminate/Pipeline/{closure}(Object(Illuminate/Http/Request))
#26 C:/Users/Cibato/Desktop/Active for zay - Copy/vendor/laravel/framework/src/Illuminate/Pipeline/Pipeline.php(183): App/Http/Middleware/CheckForMaintenanceMode->handle(Object(Illuminate/Http/Request), Object(Closure))
#27 C:/Users/Cibato/Desktop/Active for zay - Copy/app/Http/Middleware/HttpsProtocol.php(20): Illuminate/Pipeline/Pipeline->Illuminate/Pipeline/{closure}(Object(Illuminate/Http/Request))
#28 C:/Users/Cibato/Desktop/Active for zay - Copy/vendor/laravel/framework/src/Illuminate/Pipeline/Pipeline.php(183): App/Http/Middleware/HttpsProtocol->handle(Object(Illuminate/Http/Request), Object(Closure))
#29 C:/Users/Cibato/Desktop/Active for zay - Copy/app/Http/Middleware/Language.php(35): Illuminate/Pipeline/Pipeline->Illuminate/Pipeline/{closure}(Object(Illuminate/Http/Request))
#30 C:/Users/Cibato/Desktop/Active for zay - Copy/vendor/laravel/framework/src/Illuminate/Pipeline/Pipeline.php(183): App/Http/Middleware/Language->handle(Object(Illuminate/Http/Request), Object(Closure))
#31 C:/Users/Cibato/Desktop/Active for zay - Copy/vendor/laravel/framework/src/Illuminate/Routing/Middleware/SubstituteBindings.php(50): Illuminate/Pipeline/Pipeline->Illuminate/Pipeline/{closure}(Object(Illuminate/Http/Request))
#32 C:/Users/Cibato/Desktop/Active for zay - Copy/vendor/laravel/framework/src/Illuminate/Pipeline/Pipeline.php(183): Illuminate/Routing/Middleware/SubstituteBindings->handle(Object(Illuminate/Http/Request), Object(Closure))
#33 C:/Users/Cibato/Desktop/Active for zay - Copy/vendor/laravel/framework/src/Illuminate/Foundation/Http/Middleware/VerifyCsrfToken.php(78): Illuminate/Pipeline/Pipeline->Illuminate/Pipeline/{closure}(Object(Illuminate/Http/Request))
#34 C:/Users/Cibato/Desktop/Active for zay - Copy/vendor/laravel/framework/src/Illuminate/Pipeline/Pipeline.php(183): Illuminate/Foundation/Http/Middleware/VerifyCsrfToken->handle(Object(Illuminate/Http/Request), Object(Closure))
#35 C:/Users/Cibato/Desktop/Active for zay - Copy/vendor/laravel/framework/src/Illuminate/View/Middleware/ShareErrorsFromSession.php(49): Illuminate/Pipeline/Pipeline->Illuminate/Pipeline/{closure}(Object(Illuminate/Http/Request))
#36 C:/Users/Cibato/Desktop/Active for zay - Copy/vendor/laravel/framework/src/Illuminate/Pipeline/Pipeline.php(183): Illuminate/View/Middleware/ShareErrorsFromSession->handle(Object(Illuminate/Http/Request), Object(Closure))
#37 C:/Users/Cibato/Desktop/Active for zay - Copy/vendor/laravel/framework/src/Illuminate/Session/Middleware/StartSession.php(121): Illuminate/Pipeline/Pipeline->Illuminate/Pipeline/{closure}(Object(Illuminate/Http/Request))
#38 C:/Users/Cibato/Desktop/Active for zay - Copy/vendor/laravel/framework/src/Illuminate/Session/Middleware/StartSession.php(64): Illuminate/Session/Middleware/StartSession->handleStatefulRequest(Object(Illuminate/Http/Request), Object(Illuminate/Session/Store), Object(Closure))
#39 C:/Users/Cibato/Desktop/Active for zay - Copy/vendor/laravel/framework/src/Illuminate/Pipeline/Pipeline.php(183): Illuminate/Session/Middleware/StartSession->handle(Object(Illuminate/Http/Request), Object(Closure))
#40 C:/Users/Cibato/Desktop/Active for zay - Copy/vendor/laravel/framework/src/Illuminate/Cookie/Middleware/AddQueuedCookiesToResponse.php(37): Illuminate/Pipeline/Pipeline->Illuminate/Pipeline/{closure}(Object(Illuminate/Http/Request))
#41 C:/Users/Cibato/Desktop/Active for zay - Copy/vendor/laravel/framework/src/Illuminate/Pipeline/Pipeline.php(183): Illuminate/Cookie/Middleware/AddQueuedCookiesToResponse->handle(Object(Illuminate/Http/Request), Object(Closure))
#42 C:/Users/Cibato/Desktop/Active for zay - Copy/vendor/laravel/framework/src/Illuminate/Pipeline/Pipeline.php(119): Illuminate/Pipeline/Pipeline->Illuminate/Pipeline/{closure}(Object(Illuminate/Http/Request))
#43 C:/Users/Cibato/Desktop/Active for zay - Copy/vendor/laravel/framework/src/Illuminate/Routing/Router.php(805): Illuminate/Pipeline/Pipeline->then(Object(Closure))
#44 C:/Users/Cibato/Desktop/Active for zay - Copy/vendor/laravel/framework/src/Illuminate/Routing/Router.php(784): Illuminate/Routing/Router->runRouteWithinStack(Object(Illuminate/Routing/Route), Object(Illuminate/Http/Request))
#45 C:/Users/Cibato/Desktop/Active for zay - Copy/vendor/laravel/framework/src/Illuminate/Routing/Router.php(748): Illuminate/Routing/Router->runRoute(Object(Illuminate/Http/Request), Object(Illuminate/Routing/Route))
#46 C:/Users/Cibato/Desktop/Active for zay - Copy/vendor/laravel/framework/src/Illuminate/Routing/Router.php(737): Illuminate/Routing/Router->dispatchToRoute(Object(Illuminate/Http/Request))
#47 C:/Users/Cibato/Desktop/Active for zay - Copy/vendor/laravel/framework/src/Illuminate/Foundation/Http/Kernel.php(200): Illuminate/Routing/Router->dispatch(Object(Illuminate/Http/Request))
#48 C:/Users/Cibato/Desktop/Active for zay - Copy/vendor/laravel/framework/src/Illuminate/Pipeline/Pipeline.php(144): Illuminate/Foundation/Http/Kernel->Illuminate/Foundation/Http/{closure}(Object(Illuminate/Http/Request))
#49 C:/Users/Cibato/Desktop/Active for zay - Copy/vendor/barryvdh/laravel-debugbar/src/Middleware/InjectDebugbar.php(66): Illuminate/Pipeline/Pipeline->Illuminate/Pipeline/{closure}(Object(Illuminate/Http/Request))
#50 C:/Users/Cibato/Desktop/Active for zay - Copy/vendor/laravel/framework/src/Illuminate/Pipeline/Pipeline.php(183): Barryvdh/Debugbar/Middleware/InjectDebugbar->handle(Object(Illuminate/Http/Request), Object(Closure))
#51 C:/Users/Cibato/Desktop/Active for zay - Copy/vendor/laravel/framework/src/Illuminate/Http/Middleware/TrustProxies.php(39): Illuminate/Pipeline/Pipeline->Illuminate/Pipeline/{closure}(Object(Illuminate/Http/Request))
#52 C:/Users/Cibato/Desktop/Active for zay - Copy/vendor/laravel/framework/src/Illuminate/Pipeline/Pipeline.php(183): Illuminate/Http/Middleware/TrustProxies->handle(Object(Illuminate/Http/Request), Object(Closure))
#53 C:/Users/Cibato/Desktop/Active for zay - Copy/vendor/laravel/framework/src/Illuminate/Foundation/Http/Middleware/TransformsRequest.php(21): Illuminate/Pipeline/Pipeline->Illuminate/Pipeline/{closure}(Object(Illuminate/Http/Request))
#54 C:/Users/Cibato/Desktop/Active for zay - Copy/vendor/laravel/framework/src/Illuminate/Foundation/Http/Middleware/ConvertEmptyStringsToNull.php(31): Illuminate/Foundation/Http/Middleware/TransformsRequest->handle(Object(Illuminate/Http/Request), Object(Closure))
#55 C:/Users/Cibato/Desktop/Active for zay - Copy/vendor/laravel/framework/src/Illuminate/Pipeline/Pipeline.php(183): Illuminate/Foundation/Http/Middleware/ConvertEmptyStringsToNull->handle(Object(Illuminate/Http/Request), Object(Closure))
#56 C:/Users/Cibato/Desktop/Active for zay - Copy/vendor/laravel/framework/src/Illuminate/Foundation/Http/Middleware/TransformsRequest.php(21): Illuminate/Pipeline/Pipeline->Illuminate/Pipeline/{closure}(Object(Illuminate/Http/Request))
#57 C:/Users/Cibato/Desktop/Active for zay - Copy/vendor/laravel/framework/src/Illuminate/Foundation/Http/Middleware/TrimStrings.php(40): Illuminate/Foundation/Http/Middleware/TransformsRequest->handle(Object(Illuminate/Http/Request), Object(Closure))
#58 C:/Users/Cibato/Desktop/Active for zay - Copy/vendor/laravel/framework/src/Illuminate/Pipeline/Pipeline.php(183): Illuminate/Foundation/Http/Middleware/TrimStrings->handle(Object(Illuminate/Http/Request), Object(Closure))
#59 C:/Users/Cibato/Desktop/Active for zay - Copy/vendor/laravel/framework/src/Illuminate/Foundation/Http/Middleware/ValidatePostSize.php(27): Illuminate/Pipeline/Pipeline->Illuminate/Pipeline/{closure}(Object(Illuminate/Http/Request))
#60 C:/Users/Cibato/Desktop/Active for zay - Copy/vendor/laravel/framework/src/Illuminate/Pipeline/Pipeline.php(183): Illuminate/Foundation/Http/Middleware/ValidatePostSize->handle(Object(Illuminate/Http/Request), Object(Closure))
#61 C:/Users/Cibato/Desktop/Active for zay - Copy/vendor/laravel/framework/src/Illuminate/Pipeline/Pipeline.php(119): Illuminate/Pipeline/Pipeline->Illuminate/Pipeline/{closure}(Object(Illuminate/Http/Request))
#62 C:/Users/Cibato/Desktop/Active for zay - Copy/vendor/laravel/framework/src/Illuminate/Foundation/Http/Kernel.php(175): Illuminate/Pipeline/Pipeline->then(Object(Closure))
#63 C:/Users/Cibato/Desktop/Active for zay - Copy/vendor/laravel/framework/src/Illuminate/Foundation/Http/Kernel.php(144): Illuminate/Foundation/Http/Kernel->sendRequestThroughRouter(Object(Illuminate/Http/Request))
#64 C:/Users/Cibato/Desktop/Active for zay - Copy/public/index.php(52): Illuminate/Foundation/Http/Kernel->handle(Object(Illuminate/Http/Request))
#65 C:/Users/Cibato/Desktop/Active for zay - Copy/server.php(21): require_once('C://Users//Cibato...')
#66 {main}
"} 
[2026-05-05 11:47:14] local.ERROR: Maximum execution time of 30 seconds exceeded {"exception":"[object] (Symfony\\Component\\ErrorHandler\\Error\\FatalError(code: 0): Maximum execution time of 30 seconds exceeded at C:/Users/Cibato/Desktop/Active for zay - Copy/vendor/laravel/framework/src/Illuminate/Database/Connection.php:430)
[stacktrace]
#0 {main}
"} 
